------------------------------------------------------------
TimeQuest Timing Analyzer Summary
------------------------------------------------------------

Type  : Slow Model Setup 'avconf:avc|mI2C_CTRL_CLK'
Slack : -2.613
TNS   : -100.932

Type  : Slow Model Setup 'avconf:avc|LUT_INDEX[1]'
Slack : -1.077
TNS   : -11.860

Type  : Slow Model Setup 'CLOCK_50'
Slack : 2.808
TNS   : 0.000

Type  : Slow Model Hold 'avconf:avc|LUT_INDEX[1]'
Slack : -2.747
TNS   : -39.975

Type  : Slow Model Hold 'CLOCK_50'
Slack : -2.538
TNS   : -2.538

Type  : Slow Model Hold 'avconf:avc|mI2C_CTRL_CLK'
Slack : -2.258
TNS   : -16.653

Type  : Slow Model Recovery 'CLOCK_50'
Slack : 16.817
TNS   : 0.000

Type  : Slow Model Removal 'CLOCK_50'
Slack : 2.931
TNS   : 0.000

Type  : Slow Model Minimum Pulse Width 'avconf:avc|mI2C_CTRL_CLK'
Slack : -0.500
TNS   : -56.000

Type  : Slow Model Minimum Pulse Width 'avconf:avc|LUT_INDEX[1]'
Slack : 0.500
TNS   : 0.000

Type  : Slow Model Minimum Pulse Width 'CLOCK_50'
Slack : 7.873
TNS   : 0.000

Type  : Fast Model Setup 'avconf:avc|mI2C_CTRL_CLK'
Slack : -1.043
TNS   : -21.257

Type  : Fast Model Setup 'avconf:avc|LUT_INDEX[1]'
Slack : 0.006
TNS   : 0.000

Type  : Fast Model Setup 'CLOCK_50'
Slack : 1.962
TNS   : 0.000

Type  : Fast Model Hold 'CLOCK_50'
Slack : -1.582
TNS   : -1.582

Type  : Fast Model Hold 'avconf:avc|LUT_INDEX[1]'
Slack : -1.577
TNS   : -23.196

Type  : Fast Model Hold 'avconf:avc|mI2C_CTRL_CLK'
Slack : -1.457
TNS   : -17.202

Type  : Fast Model Recovery 'CLOCK_50'
Slack : 18.148
TNS   : 0.000

Type  : Fast Model Removal 'CLOCK_50'
Slack : 1.711
TNS   : 0.000

Type  : Fast Model Minimum Pulse Width 'avconf:avc|mI2C_CTRL_CLK'
Slack : -0.500
TNS   : -56.000

Type  : Fast Model Minimum Pulse Width 'avconf:avc|LUT_INDEX[1]'
Slack : 0.500
TNS   : 0.000

Type  : Fast Model Minimum Pulse Width 'CLOCK_50'
Slack : 7.873
TNS   : 0.000

------------------------------------------------------------
